
> ecommerce@0.1.0 build
> next build

▲ Next.js 16.3.0 (Turbopack)
✓ Running next.config.ts took 144ms

  Creating an optimized production build ...
✓ Compiled successfully in 6.1s
  Running TypeScript ...
  Finished TypeScript in 14.5s ...
  Collecting page data using 7 workers ...
  Generating static pages using 7 workers (0/12) ...
  Generating static pages using 7 workers (3/12) 
  Generating static pages using 7 workers (6/12) 
  Generating static pages using 7 workers (9/12) 
✓ Generating static pages using 7 workers (12/12) in 2.7s
  Finalizing page optimization ...

Route (app)
┌ ○ /
├ ○ /_not-found
├ ○ /dashboard
├ ○ /dashboard/customers
├ ○ /dashboard/orders
├ ○ /dashboard/Products
├ ○ /login
├ ○ /product
├ ○ /products
└ ○ /register


○  (Static)  prerendered as static content

